[jolly-country-club.gitbook.io/superwave/index.html]
[backblue.gif]
[fade.gif]
[index.html]
[1513745211-files.gitbook.io/_/files/v0/b/gitbook-x-prod.appspot.com/o/spaces/FrYV48PYYD7H81tAX1Ms/icon/NrsHZkoDVxyIugU170Mq/superwave-logof071.png]
[app.gitbook.com/public/app/public-QTBYFYII.min0fc9.js]
[app.gitbook.com/public/app/public-3QVJF4TF0fc9.css]
[cdn.iframe.ly/embed.js]
[cdn.polyfill.io/v2/polyfill8a7a.js]
[jolly-country-club.gitbook.io/superwave/users-manual/1.html]
[jolly-country-club.gitbook.io/superwave/users-manual/2.html]
[jolly-country-club.gitbook.io/superwave/users-manual/3.html]
[jolly-country-club.gitbook.io/superwave/users-manual/4.html]
[jolly-country-club.gitbook.io/superwave/users-manual/5.html]
[jolly-country-club.gitbook.io/superwave/users-manual/6.html]
[jolly-country-club.gitbook.io/superwave/index.html]
[app.gitbook.com/public/app/public-3QVJF4TF0fc9.css]
[jolly-country-club.gitbook.io/superwave/users-manual/7.html]
[jolly-country-club.gitbook.io/superwave/users-manual/1.html]
[jolly-country-club.gitbook.io/superwave/users-manual/2.html]
[app.gitbook.com/public/app/chunks/latex.lazy-AOATTS3K.min.js]
[user-images.githubusercontent.com/132803070/236758520-177ed565-d861-4852-bdb0-6b60883e211d.png]
[user-images.githubusercontent.com/132803070/236758841-110dc317-9cde-4a8d-8b49-5aaefe4c7750.png]
[jolly-country-club.gitbook.io/superwave/users-manual/3.html]
[jolly-country-club.gitbook.io/superwave/users-manual/4.html]
[jolly-country-club.gitbook.io/superwave/users-manual/5.html]
[app.gitbook.com/public/app/chunks/jsx.lazy-D7EVFIRM.min.js]
[jolly-country-club.gitbook.io/superwave/users-manual/6.html]
[jolly-country-club.gitbook.io/superwave/users-manual/7.html]
